
  .   ____          _            __ _ _
 /\\ / ___'_ __ _ _(_)_ __  __ _ \ \ \ \
( ( )\___ | '_ | '_| | '_ \/ _` | \ \ \ \
 \\/  ___)| |_)| | | | | || (_| |  ) ) ) )
  '  |____| .__|_| |_|_| |_\__, | / / / /
 =========|_|==============|___/=/_/_/_/

 :: Spring Boot ::                (v3.5.5)

2026-09-21T10:03:51.098+05:30  INFO 19324 --- [           main] com.example.exp5.application             : Starting application v0.0.1-SNAPSHOT using Java 24.0.2 with PID 19324 (C:\Users\Arpit\Desktop\exp5\backend\target\exp5-backend-0.0.1-SNAPSHOT.jar started by Arpit in C:\Users\Arpit\Desktop\exp5\backend)
2026-09-21T10:03:51.102+05:30  INFO 19324 --- [           main] com.example.exp5.application             : No active profile set, falling back to 1 default profile: "default"
2026-09-21T10:03:52.157+05:30  INFO 19324 --- [           main] o.s.b.w.embedded.tomcat.TomcatWebServer  : Tomcat initialized with port 8080 (http)
2026-09-21T10:03:52.169+05:30  INFO 19324 --- [           main] o.apache.catalina.core.StandardService   : Starting service [Tomcat]
2026-09-21T10:03:52.170+05:30  INFO 19324 --- [           main] o.apache.catalina.core.StandardEngine    : Starting Servlet engine: [Apache Tomcat/10.1.44]
2026-09-21T10:03:52.198+05:30  INFO 19324 --- [           main] o.a.c.c.C.[Tomcat].[localhost].[/]       : Initializing Spring embedded WebApplicationContext
2026-09-21T10:03:52.199+05:30  INFO 19324 --- [           main] w.s.c.ServletWebServerApplicationContext : Root WebApplicationContext: initialization completed in 1047 ms
2026-09-21T10:03:52.635+05:30  WARN 19324 --- [           main] ConfigServletWebServerApplicationContext : Exception encountered during context initialization - cancelling refresh attempt: org.springframework.context.ApplicationContextException: Failed to start bean 'webServerStartStop'
2026-09-21T10:03:52.652+05:30  INFO 19324 --- [ 2026-09-21T10:04:19.713+05:30  INFO 17604 --- [nio-8080-exec-1] o.a.c.c.C.[Tomcat].[localhost].[/]       : Initializing Spring DispatcherServlet 'dispatcherServlet'
2026-09-21T10:04:19.713+05:30  INFO 17604 --- [nio-8080-exec-1] o.s.web.servlet.DispatcherServlet        : Initializing Servlet 'dispatcherServlet'
2026-09-21T10:04:19.714+05:30  INFO 17604 --- [nio-8080-exec-1] o.s.web.servlet.DispatcherServlet        : Completed initialization in 1 ms
 use.

Action:

Identify and stop the process that's listening on port 8080 or configure this application to listen on another port.

